
> election-process-education@0.0.0 build
> vite build

vite v8.0.10 building client environment for production...
[2Ktransforming...✓ 2703 modules transformed.
rendering chunks...
computing gzip size...
dist/registerSW.js                0.13 kB
dist/manifest.webmanifest         0.28 kB
dist/index.html                   0.59 kB │ gzip:   0.35 kB
dist/assets/index-DwJbRMVO.css    7.91 kB │ gzip:   2.00 kB
dist/assets/index-vy6wRtCW.js   736.46 kB │ gzip: 225.42 kB

[plugin builtin:vite-reporter] 
(!) Some chunks are larger than 500 kB after minification. Consider:
- Using dynamic import() to code-split the application
- Use build.rolldownOptions.output.codeSplitting to improve chunking: https://rolldown.rs/reference/OutputOptions.codeSplitting
- Adjust chunk size limit for this warning via build.chunkSizeWarningLimit.
✗ Build failed in 2.57s

PWA v1.2.0
mode      generateSW
precache  7 entries (741.86 KiB)
files generated
  dist/sw.js
  dist/workbox-8c29f6e4.js
error during build:
Build failed with 1 error:

Error: [vite]: Rolldown failed to resolve import "react-is" from "/home/vp/Desktop/Election Process Education/node_modules/recharts/es6/util/ReactUtils.js".
This is most likely unintended because it can break your application at runtime.
If you do want to externalize this module explicitly add it to
`build.rollupOptions.external`
    at viteLog (file:///home/vp/Desktop/Election%20Process%20Education/node_modules/vite/dist/node/chunks/node.js:33111:57)
    at file:///home/vp/Desktop/Election%20Process%20Education/node_modules/vite/dist/node/chunks/node.js:33147:71
    at onwarn (file:///home/vp/Desktop/Election%20Process%20Education/node_modules/@vitejs/plugin-react/dist/index.js:40:7)
    at file:///home/vp/Desktop/Election%20Process%20Education/node_modules/vite/dist/node/chunks/node.js:33147:28
    at onRollupLog (file:///home/vp/Desktop/Election%20Process%20Education/node_modules/vite/dist/node/chunks/node.js:33142:63)
    at onLog (file:///home/vp/Desktop/Election%20Process%20Education/node_modules/vite/dist/node/chunks/node.js:32911:4)
    at file:///home/vp/Desktop/Election%20Process%20Education/node_modules/rolldown/dist/shared/rolldown-build-DSxL8qiP.mjs:50:26
    at logger (file:///home/vp/Desktop/Election%20Process%20Education/node_modules/rolldown/dist/shared/rolldown-build-DSxL8qiP.mjs:41:3)
    at onLog (file:///home/vp/Desktop/Election%20Process%20Education/node_modules/rolldown/dist/shared/bindingify-input-options-DbbBhzky.mjs:1991:32)
    at aggregateBindingErrorsIntoJsError (file:///home/vp/Desktop/Election%20Process%20Education/node_modules/rolldown/dist/shared/error-DL-e8-oE.mjs:48:18)
    at unwrapBindingResult (file:///home/vp/Desktop/Election%20Process%20Education/node_modules/rolldown/dist/shared/error-DL-e8-oE.mjs:18:128)
    at #build (file:///home/vp/Desktop/Election%20Process%20Education/node_modules/rolldown/dist/shared/rolldown-build-DSxL8qiP.mjs:3317:34)
    at async buildEnvironment (file:///home/vp/Desktop/Election%20Process%20Education/node_modules/vite/dist/node/chunks/node.js:33018:64)
    at async Object.build (file:///home/vp/Desktop/Election%20Process%20Education/node_modules/vite/dist/node/chunks/node.js:33440:19)
    at async Object.buildApp (file:///home/vp/Desktop/Election%20Process%20Education/node_modules/vite/dist/node/chunks/node.js:33437:153)
    at async CAC.<anonymous> (file:///home/vp/Desktop/Election%20Process%20Education/node_modules/vite/dist/node/cli.js:778:3) {
  errors: [Getter/Setter]
}
